// Jest Snapshot v1, https://goo.gl/fbAQLP

exports[`lib/UIElements createModal should build the modal UI, PerimeterX and default content 1`] = `
<dialog
  class="perimeterx-async-challenge"
  open=""
>
  <div>
    <p
      class="title"
    >
      One Small Step
    </p>
    <p
      class="subtitle"
    >
      Please check the box below to continue your normal visit
    </p>
    <div
      class="challenge-box"
      id="px-captcha"
    />
    <p
      class="quickfix"
    >
      Please exclude this website from ad blocking or ad filtering software.
    </p>
    <p
      class="quickfix"
    >
      Make sure you don't have any browser extensions tampering with request headers or user agent string.
    </p>
    <p
      class="quickfix"
    >
      Make sure JavaScript is enabled in your browser.
    </p>
    <p>
      If you're still having trouble accessing the site, please contact customer support.
    </p>
    <style>
      
.perimeterx-async-challenge {
    z-index: 9999;
    position: fixed;
    left: 0;
    top: 0;
    width: 100%;
    height: 100%;
    border: 0;
    margin: 0;
    padding: 0;
    background: rgba(0, 0, 0, .3);
    color: black;
}
.perimeterx-async-challenge &gt; div {
    margin: 20vh 20vw 0;
    background: white;
    box-shadow: 0 0 2em rgba(0, 0, 0, .4);
    padding: 1em 1.5em;
}
.perimeterx-async-challenge p,
.perimeterx-async-challenge .challenge-box {
    margin: 0 0 .5em;
}
.perimeterx-async-challenge .title {
    font-size: 2em;
    font-weight: bold;
}
.perimeterx-async-challenge .subtitle {
    font-size: 1.4em;
}
.perimeterx-async-challenge .quickfix {
    font-size: .8em;
    margin: 0;
}
.perimeterx-async-challenge .quickfix:before {
    content: "â€¢";
    margin: 0 .5em
}
@media screen and (max-width:1040px) {
    .perimeterx-async-challenge &gt; div {
        margin: 10vh 10vw 0;
    }
}
@media screen and (max-width:800px) {
    .perimeterx-async-challenge &gt; div {
        margin: 5vw 5vw 0;
    }
}

    </style>
  </div>
</dialog>
`;
